******************************************************************************
                  TI ARM Linker PC v5.2.5                      
******************************************************************************
>> Linked Tue Mar 08 15:03:10 2016

OUTPUT FILE NAME:   <lab3.out>
ENTRY POINT SYMBOL: "_c_int00"  address: 00000849


MEMORY CONFIGURATION

         name            origin    length      used     unused   attr    fill
----------------------  --------  ---------  --------  --------  ----  --------
  FLASH                 00000000   00040000  00000c02  0003f3fe  R  X
  SRAM                  20000000   00008000  00000079  00007f87  RW X


SEGMENT ALLOCATION MAP

run origin  load origin   length   init length attrs members
----------  ----------- ---------- ----------- ----- -------
00000000    00000000    00000c08   00000c08    r-x
  00000000    00000000    0000026c   0000026c    r-- .intvecs
  0000026c    0000026c    0000087a   0000087a    r-x .text
  00000ae8    00000ae8    000000fc   000000fc    r-- .const
  00000be8    00000be8    00000020   00000020    r-- .cinit
20000000    20000000    00000079   00000000    rw-
  20000000    20000000    00000064   00000000    rw- .stack
  20000064    20000064    00000015   00000000    rw- .data


SECTION ALLOCATION MAP

 output                                  attributes/
section   page    origin      length       input sections
--------  ----  ----------  ----------   ----------------
.intvecs   0    00000000    0000026c     
                  00000000    0000026c     tm4c123gh6pm_startup_ccs.obj (.intvecs)

.text      0    0000026c    0000087a     
                  0000026c    00000132     driverlib.lib : gpio.obj (.text:GPIOPadConfigSet)
                  0000039e    00000002     --HOLE-- [fill = 0]
                  000003a0    00000110                   : sysctl.obj (.text:SysCtlClockGet)
                  000004b0    000000f4                   : sysctl.obj (.text:SysCtlClockSet)
                  000005a4    000000b4     main.obj (.text)
                  00000658    0000009c     rtsv7M4_T_le_v4SPD16_eabi.lib : memcpy_t2.obj (.text)
                  000006f4    0000007a                                   : memset_t2.obj (.text)
                  0000076e    00000002     --HOLE-- [fill = 0]
                  00000770    0000006c                                   : autoinit.obj (.text)
                  000007dc    0000006a                                   : copy_decompress_rle.obj (.text)
                  00000846    00000002     --HOLE-- [fill = 0]
                  00000848    00000050                                   : boot.obj (.text)
                  00000898    0000004c                                   : cpy_tbl.obj (.text)
                  000008e4    00000048     driverlib.lib : gpio.obj (.text:GPIOPinConfigure)
                  0000092c    00000046                   : uart.obj (.text:UARTConfigSetExpClk)
                  00000972    00000002     --HOLE-- [fill = 0]
                  00000974    00000044     rtsv7M4_T_le_v4SPD16_eabi.lib : exit.obj (.text)
                  000009b8    00000034     driverlib.lib : sysctl.obj (.text:SysCtlPeripheralEnable)
                  000009ec    0000002a                   : gpio.obj (.text:GPIODirModeSet)
                  00000a16    00000002     --HOLE-- [fill = 0]
                  00000a18    00000020                   : uart.obj (.text:UARTDisable)
                  00000a38    00000018                   : gpio.obj (.text:GPIOPinTypeGPIOOutput)
                  00000a50    00000018     rtsv7M4_T_le_v4SPD16_eabi.lib : args_main.obj (.text)
                  00000a68    00000014     driverlib.lib : uart.obj (.text:UARTEnable)
                  00000a7c    00000014     rtsv7M4_T_le_v4SPD16_eabi.lib : _lock.obj (.text)
                  00000a90    00000012     driverlib.lib : gpio.obj (.text:GPIOPinTypeUART)
                  00000aa2    0000000e     rtsv7M4_T_le_v4SPD16_eabi.lib : copy_decompress_none.obj (.text:decompress:none)
                  00000ab0    0000000c     tm4c123gh6pm_startup_ccs.obj (.text)
                  00000abc    0000000a     driverlib.lib : uart.obj (.text:UARTCharGet)
                  00000ac6    0000000a                   : uart.obj (.text:UARTCharPut)
                  00000ad0    00000006                   : gpio.obj (.text:GPIOPinWrite)
                  00000ad6    00000006                   : sysctl.obj (.text:SysCtlDelay)
                  00000adc    00000006     rtsv7M4_T_le_v4SPD16_eabi.lib : copy_decompress_rle.obj (.text:decompress:rle24)
                  00000ae2    00000004                                   : pre_init.obj (.text)

.const     0    00000ae8    000000fc     
                  00000ae8    00000090     driverlib.lib : gpio.obj (.const:g_pui32GPIOBaseAddrs)
                  00000b78    0000006c                   : sysctl.obj (.const:g_pui32Xtals)

.cinit     0    00000be8    00000020     
                  00000be8    00000010     (.cinit..data.load) [load image, compression = rle]
                  00000bf8    00000008     (__TI_handler_table)
                  00000c00    00000008     (__TI_cinit_table)

.init_array 
*          0    00000000    00000000     UNINITIALIZED

.stack     0    20000000    00000064     UNINITIALIZED
                  20000000    00000064     --HOLE--

.data      0    20000064    00000015     UNINITIALIZED
                  20000064    00000008     rtsv7M4_T_le_v4SPD16_eabi.lib : _lock.obj (.data)
                  2000006c    00000008                                   : exit.obj (.data)
                  20000074    00000004                                   : stkdepth_vars.obj (.data)
                  20000078    00000001     main.obj (.data)

.TI.persistent 
*          0    20000064    00000000     UNINITIALIZED


LINKER GENERATED COPY TABLES

__TI_cinit_table @ 00000c00 records: 1, size/record: 8, table size: 8
	.data: load addr=00000be8, load size=00000010 bytes, run addr=20000064, run size=00000015 bytes, compression=rle


LINKER GENERATED HANDLER TABLE

__TI_handler_table @ 00000bf8 records: 2, size/record: 4, table size: 8
	index: 0, handler: __TI_decompress_rle24
	index: 1, handler: __TI_decompress_none


GLOBAL SYMBOLS: SORTED ALPHABETICALLY BY Name 

address   name                    
-------   ----                    
00000975  C$$EXIT                 
000009ed  GPIODirModeSet          
0000026d  GPIOPadConfigSet        
000008e5  GPIOPinConfigure        
00000a39  GPIOPinTypeGPIOOutput   
00000a91  GPIOPinTypeUART         
00000ad1  GPIOPinWrite            
00000ab1  ResetISR                
UNDEFED   SHT$$INIT_ARRAY$$Base   
UNDEFED   SHT$$INIT_ARRAY$$Limit  
000003a1  SysCtlClockGet          
000004b1  SysCtlClockSet          
00000ad7  SysCtlDelay             
000009b9  SysCtlPeripheralEnable  
00000abd  UARTCharGet             
00000ac7  UARTCharPut             
0000092d  UARTConfigSetExpClk     
00000a19  UARTDisable             
00000a69  UARTEnable              
20000064  __STACK_END             
00000064  __STACK_SIZE            
20000200  __STACK_TOP             
00000c00  __TI_CINIT_Base         
00000c08  __TI_CINIT_Limit        
00000bf8  __TI_Handler_Table_Base 
00000c00  __TI_Handler_Table_Limit
00000771  __TI_auto_init          
2000006c  __TI_cleanup_ptr        
00000aa3  __TI_decompress_none    
00000add  __TI_decompress_rle24   
20000070  __TI_dtors_ptr          
00000000  __TI_static_base__      
000006f5  __aeabi_memclr          
000006f5  __aeabi_memclr4         
000006f5  __aeabi_memclr8         
00000659  __aeabi_memcpy          
00000659  __aeabi_memcpy4         
00000659  __aeabi_memcpy8         
000006f7  __aeabi_memset          
000006f7  __aeabi_memset4         
000006f7  __aeabi_memset8         
ffffffff  __binit__               
ffffffff  __c_args__              
20000000  __stack                 
00000a51  _args_main              
00000849  _c_int00                
20000064  _lock                   
00000a8b  _nop                    
00000a83  _register_lock          
00000a7d  _register_unlock        
00000ae3  _system_pre_init        
20000068  _unlock                 
00000979  abort                   
ffffffff  binit                   
00000899  copy_in                 
00000981  exit                    
00000000  g_pfnVectors            
000005a5  main                    
20000074  main_func_sp            
00000659  memcpy                  
000006fd  memset                  
20000078  ui8PinData              


GLOBAL SYMBOLS: SORTED BY Symbol Address 

address   name                    
-------   ----                    
00000000  __TI_static_base__      
00000000  g_pfnVectors            
00000064  __STACK_SIZE            
0000026d  GPIOPadConfigSet        
000003a1  SysCtlClockGet          
000004b1  SysCtlClockSet          
000005a5  main                    
00000659  __aeabi_memcpy          
00000659  __aeabi_memcpy4         
00000659  __aeabi_memcpy8         
00000659  memcpy                  
000006f5  __aeabi_memclr          
000006f5  __aeabi_memclr4         
000006f5  __aeabi_memclr8         
000006f7  __aeabi_memset          
000006f7  __aeabi_memset4         
000006f7  __aeabi_memset8         
000006fd  memset                  
00000771  __TI_auto_init          
00000849  _c_int00                
00000899  copy_in                 
000008e5  GPIOPinConfigure        
0000092d  UARTConfigSetExpClk     
00000975  C$$EXIT                 
00000979  abort                   
00000981  exit                    
000009b9  SysCtlPeripheralEnable  
000009ed  GPIODirModeSet          
00000a19  UARTDisable             
00000a39  GPIOPinTypeGPIOOutput   
00000a51  _args_main              
00000a69  UARTEnable              
00000a7d  _register_unlock        
00000a83  _register_lock          
00000a8b  _nop                    
00000a91  GPIOPinTypeUART         
00000aa3  __TI_decompress_none    
00000ab1  ResetISR                
00000abd  UARTCharGet             
00000ac7  UARTCharPut             
00000ad1  GPIOPinWrite            
00000ad7  SysCtlDelay             
00000add  __TI_decompress_rle24   
00000ae3  _system_pre_init        
00000bf8  __TI_Handler_Table_Base 
00000c00  __TI_CINIT_Base         
00000c00  __TI_Handler_Table_Limit
00000c08  __TI_CINIT_Limit        
20000000  __stack                 
20000064  __STACK_END             
20000064  _lock                   
20000068  _unlock                 
2000006c  __TI_cleanup_ptr        
20000070  __TI_dtors_ptr          
20000074  main_func_sp            
20000078  ui8PinData              
20000200  __STACK_TOP             
ffffffff  __binit__               
ffffffff  __c_args__              
ffffffff  binit                   
UNDEFED   SHT$$INIT_ARRAY$$Base   
UNDEFED   SHT$$INIT_ARRAY$$Limit  

[62 symbols]
